// Jest Snapshot v1, https://goo.gl/fbAQLP

exports[`<Header /> spec renders the component 1`] = `
<DocumentFragment>
  <header
    class="hds-header header hds-header-navigation-bar-menu"
  >
    <div
      class="headerBackgroundWrapper"
    />
  </header>
</DocumentFragment>
`;
