// Jest Snapshot v1, https://goo.gl/fbAQLP

exports[`<HeaderUniversalBar /> spec renders the component 1`] = `
<DocumentFragment>
  <header
    class="hds-header header"
  >
    <div
      class="headerBackgroundWrapper"
    >
      <nav
        class="headerUniversalBar"
        role="navigation"
      >
        <ul
          class="headerUniversalBarList"
        >
          <li
            class="universalBarMainLinkContainer"
          >
            <span
              class="navigationLinkWrapper depth-0"
            >
              <a
                class="link linkM navigationLink depth-0 universalBarLink"
                href="#"
              >
                hel.fi
              </a>
            </span>
          </li>
        </ul>
      </nav>
    </div>
  </header>
</DocumentFragment>
`;
