// Jest Snapshot v1, https://goo.gl/fbAQLP

exports[`<NavigationLink /> spec renders the component 1`] = `
<DocumentFragment>
  <span
    class="hds-navigation-link navigationLinkWrapper nav-depth-0"
  >
    <a
      class="link linkM navigationLink"
      href="#"
    >
      Link
    </a>
  </span>
</DocumentFragment>
`;
